// Jest Snapshot v1, https://goo.gl/fbAQLP

exports[`Calendar renders 1`] = `
<styles__CalendarContainer>
  <label
    htmlFor="appointment_calendar"
  >
    <styles__LabelText>
      Book an appointment
    </styles__LabelText>
  </label>
  <withStyles(SingleDatePicker)
    anchorDirection="left"
    appendToBody={false}
    block={false}
    calendarInfoPosition="bottom"
    customCloseIcon={null}
    customInputIcon={null}
    date={"2020-12-25T19:29:57.000Z"}
    daySize={48}
    disableScroll={false}
    disabled={false}
    displayFormat="DD / MM / YYYY"
    enableOutsideDays={false}
    firstDayOfWeek={null}
    focused={false}
    hideKeyboardShortcutsPanel={true}
    horizontalMargin={0}
    horizontalMonthPadding={13}
    id="appointment_calendar"
    initialVisibleMonth={null}
    inputIconPosition="before"
    isDayBlocked={[Function]}
    isDayHighlighted={[Function]}
    isOutsideRange={[Function]}
    isRTL={false}
    keepFocusOnInput={false}
    keepOpenOnDateSelect={false}
    monthFormat="MMMM YYYY"
    navNext={
      <DecorativeIcon
        size={16}
        symbol="chevron"
      />
    }
    navPrev={
      <DecorativeIcon
        size={16}
        symbol="leftChevron"
      />
    }
    noBorder={false}
    numberOfMonths={1}
    onClose={[Function]}
    onDateChange={[Function]}
    onFocusChange={[Function]}
    onNextMonthClick={[Function]}
    onPrevMonthClick={[Function]}
    openDirection="down"
    orientation="horizontal"
    phrases={
      Object {
        "calendarLabel": "Calendar",
        "chooseAvailableDate": [Function],
        "clearDate": "Clear Date",
        "closeDatePicker": "Close",
        "dateIsSelected": [Function],
        "dateIsUnavailable": [Function],
        "enterKey": "Enter key",
        "escape": "Escape key",
        "hideKeyboardShortcutsPanel": "Close the shortcuts panel.",
        "homeEnd": "Home and end keys",
        "jumpToNextMonth": "Move forward to switch to the next month.",
        "jumpToPrevMonth": "Move backward to switch to the previous month.",
        "keyboardNavigationInstructions": "Press the down arrow key to interact with the calendar and
  select a date. Press the question mark key to get the keyboard shortcuts for changing dates.",
        "keyboardShortcuts": "Keyboard Shortcuts",
        "leftArrowRightArrow": "Right and left arrow keys",
        "moveFocusByOneDay": "Move backward (left) and forward (right) by one day.",
        "moveFocusByOneMonth": "Switch months.",
        "moveFocusByOneWeek": "Move backward (up) and forward (down) by one week.",
        "moveFocustoStartAndEndOfWeek": "Go to the first or last day of a week.",
        "openThisPanel": "Open this panel.",
        "pageUpPageDown": "page up and page down keys",
        "questionMark": "Question mark",
        "returnFocusToInput": "Return to the date input field.",
        "selectFocusedDate": "Select the date in focus.",
        "showKeyboardShortcutsPanel": "Open the keyboard shortcuts panel.",
        "upArrowDownArrow": "up and down arrow keys",
      }
    }
    placeholder="DD / MM / YYYY"
    readOnly={false}
    regular={false}
    renderCalendarInfo={null}
    renderDayContents={null}
    renderMonthElement={null}
    renderMonthText={null}
    reopenPickerOnClearDate={false}
    required={false}
    screenReaderInputMessage=""
    showClearDate={false}
    showDefaultInputIcon={false}
    small={false}
    verticalHeight={null}
    verticalSpacing={22}
    weekDayFormat="dd"
    withFullScreenPortal={false}
    withPortal={false}
  />
</styles__CalendarContainer>
`;
