// Jest Snapshot v1, https://goo.gl/fbAQLP

exports[`Pagination renders 1`] = `
<Pagination
  language="English"
>
  <div
    className="container"
  >
    <Panel>
      <div>
        <Panel>
          <div>
            Content 1
          </div>
        </Panel>
      </div>
    </Panel>
    <div
      className="controls"
    >
      <p
        className="previousHidden"
      >
        <button
          aria-label="Go to previous panel"
          onClick={[Function]}
          value={0}
        >
          <DecorativeIcon
            size={16}
            symbol="leftChevron"
          >
            <Icon
              aria-hidden="true"
              size={16}
              symbol="leftChevron"
            >
              <i
                aria-hidden="true"
                className="TDS_Icon-modules__iconLeftChevron___37tW0 TDS_Icon-modules__icon___13xYd TDS_Icon-modules__size16___1pm12"
              />
            </Icon>
          </DecorativeIcon>
           
          <span
            className="buttonLabel"
          >
            Prev
          </span>
        </button>
      </p>
      <ul
        className="pagination"
      >
        <li
          className="current"
          key="193359721"
        >
          1
        </li>
        <li
          className="regular"
          key="193361898"
        >
          <button
            aria-label="Go to panel number 2"
            onClick={[Function]}
            value={2}
          >
            2
          </button>
        </li>
        <li
          className="regular"
          key="193361897"
        >
          <button
            aria-label="Go to panel number 3"
            onClick={[Function]}
            value={3}
          >
            3
          </button>
        </li>
        <li
          className="regular"
          key="193361896"
        >
          <button
            aria-label="Go to panel number 4"
            onClick={[Function]}
            value={4}
          >
            4
          </button>
        </li>
        <li
          className="ellipsis"
          key="193354536"
        >
          ...
        </li>
        <li
          className="regular"
          key="193361891"
        >
          <button
            aria-label="Go to panel number 9"
            onClick={[Function]}
            value={9}
          >
            9
          </button>
        </li>
      </ul>
      <p
        className="next"
      >
        <button
          aria-label="Go to next panel"
          onClick={[Function]}
          value={2}
        >
          <span
            className="buttonLabel"
          >
            Next
          </span>
           
          <DecorativeIcon
            size={16}
            symbol="chevron"
          >
            <Icon
              aria-hidden="true"
              size={16}
              symbol="chevron"
            >
              <i
                aria-hidden="true"
                className="TDS_Icon-modules__iconChevron___u32Fg TDS_Icon-modules__icon___13xYd TDS_Icon-modules__size16___1pm12"
              />
            </Icon>
          </DecorativeIcon>
        </button>
      </p>
    </div>
  </div>
</Pagination>
`;
