// Jest Snapshot v1, https://goo.gl/fbAQLP

exports[`Modal renders 1`] = `
<Modal
  bodyText="Are you sure?"
  cancelCTAText=""
  confirmCTAText="I am sure"
  heading="A heading"
  modalOpen={true}
  proceedModalHandler={[Function]}
/>
`;
