// Jest Snapshot v1, https://goo.gl/fbAQLP

exports[`OptimizeImage renders 1`] = `""`;
