// Jest Snapshot v1, https://goo.gl/fbAQLP

exports[`SideNavigation.SubMenu renders 1`] = `
.c4:hover {
  background-color: #f2eff4;
}

.c5 {
  color: #54595f;
}

.c5:hover {
  color: #4b286d;
}

.c3 {
  -webkit-text-decoration: none;
  text-decoration: none;
}

.c2 {
  padding: 1rem 0;
  background: radial-gradient( ellipse at top, rgba(150,150,150,0.1) 0%, rgba(0,0,0,0) 70% );
}

.c0 {
  background-color: white;
  border: none;
  width: 100%;
  color: #4b286d;
  border-left: 4px solid #4b286d;
  font-family: TELUS-Web,"Helvetica Neue",Helvetica,Arial,sans-serif;
}

.c0:hover {
  background-color: #f2eff4;
  color: #4b286d;
  cursor: pointer;
}

.c1 {
  -webkit-box-pack: justify;
  -webkit-justify-content: space-between;
  -ms-flex-pack: justify;
  justify-content: space-between;
  -webkit-align-items: center;
  -webkit-box-align: center;
  -ms-flex-align: center;
  align-items: center;
  text-align: left;
  display: -webkit-box;
  display: -webkit-flex;
  display: -ms-flexbox;
  display: flex;
}

<SubMenu
  active={true}
  id="Three"
  isOpen={false}
  label="Threefdsfdsfds"
  onClick={[MockFunction]}
>
  <SubMenu__ButtonSubMenu
    active={true}
    aria-expanded={false}
    id="Three"
    onClick={[Function]}
  >
    <StyledComponent
      active={true}
      aria-expanded={false}
      forwardedComponent={
        Object {
          "$$typeof": Symbol(react.forward_ref),
          "attrs": Array [],
          "componentStyle": ComponentStyle {
            "componentId": "SubMenu__ButtonSubMenu-sc-1p1ex8g-1",
            "isStatic": false,
            "lastClassName": "c0",
            "rules": Array [
              [Function],
            ],
          },
          "displayName": "SubMenu__ButtonSubMenu",
          "foldedComponentIds": Array [],
          "render": [Function],
          "styledComponentId": "SubMenu__ButtonSubMenu-sc-1p1ex8g-1",
          "target": "button",
          "toString": [Function],
          "warnTooManyClasses": [Function],
          "withComponent": [Function],
        }
      }
      forwardedRef={null}
      id="Three"
      onClick={[Function]}
    >
      <button
        aria-expanded={false}
        className="c0"
        id="Three"
        onClick={[Function]}
      >
        <SubMenu__SpaceBox
          horizontal={2}
          inline={true}
          vertical={3}
        >
          <StyledComponent
            forwardedComponent={
              Object {
                "$$typeof": Symbol(react.forward_ref),
                "attrs": Array [],
                "componentStyle": ComponentStyle {
                  "componentId": "SubMenu__SpaceBox-sc-1p1ex8g-2",
                  "isStatic": true,
                  "lastClassName": "c1",
                  "rules": Array [
                    "justify-content: space-between; align-items: center; text-align: left; display: flex;",
                  ],
                },
                "displayName": "SubMenu__SpaceBox",
                "foldedComponentIds": Array [],
                "render": [Function],
                "styledComponentId": "SubMenu__SpaceBox-sc-1p1ex8g-2",
                "target": [Function],
                "toString": [Function],
                "warnTooManyClasses": [Function],
                "withComponent": [Function],
              }
            }
            forwardedRef={null}
            horizontal={2}
            inline={true}
            vertical={3}
          >
            <Box
              className="c1"
              horizontal={2}
              inline={true}
              tag="div"
              vertical={3}
            >
              <div
                className="TDS_Box-modules__horizontalPadding-2___3hmwJ TDS_Box-modules__verticalPadding-3___Fsv37 c1"
              >
                <ColoredTextProvider
                  className={null}
                >
                  <div>
                    <Text
                      block={false}
                      bold={true}
                      invert={false}
                      size="medium"
                    >
                      <span
                        className="TDS_Typography-modules__default___KlcpP TDS_Typography-modules__medium___1rxfE TDS_Typography-modules__wordBreak___3OZx_ TDS_Typography-modules__boldFont___2YS3O TDS_Typography-modules__wordBreak___3OZx_ TDS_Typography-modules__inheritColor___SREX0"
                      >
                        Threefdsfdsfds
                      </span>
                    </Text>
                  </div>
                </ColoredTextProvider>
                <DecorativeIcon
                  size={16}
                  symbol="caretDown"
                  variant="secondary"
                >
                  <Icon
                    aria-hidden="true"
                    size={16}
                    symbol="caretDown"
                    variant="secondary"
                  >
                    <i
                      aria-hidden="true"
                      className="TDS_Icon-modules__iconCaretDown___3by8b TDS_Icon-modules__icon___13xYd TDS_Icon-modules__secondary___3Gtcp TDS_Icon-modules__size16___1pm12"
                    />
                  </Icon>
                </DecorativeIcon>
              </div>
            </Box>
          </StyledComponent>
        </SubMenu__SpaceBox>
      </button>
    </StyledComponent>
  </SubMenu__ButtonSubMenu>
  <Reveal
    duration={500}
    height={0}
    in={false}
    timeout={0}
  >
    <Transition
      appear={false}
      duration={500}
      enter={true}
      exit={true}
      in={false}
      mountOnEnter={false}
      onEnter={[Function]}
      onEntered={[Function]}
      onEntering={[Function]}
      onExit={[Function]}
      onExited={[Function]}
      onExiting={[Function]}
      timeout={0}
      unmountOnExit={false}
    >
      <div
        aria-hidden={true}
        data-testid="childrenContainer"
        style={
          Object {
            "height": 0,
            "overflow": "hidden",
            "transition": "height 500ms",
            "visibility": "hidden",
          }
        }
      >
        <SubMenu__SubMenuContainer>
          <StyledComponent
            forwardedComponent={
              Object {
                "$$typeof": Symbol(react.forward_ref),
                "attrs": Array [],
                "componentStyle": ComponentStyle {
                  "componentId": "SubMenu__SubMenuContainer-sc-1p1ex8g-0",
                  "isStatic": true,
                  "lastClassName": "c2",
                  "rules": Array [
                    "padding: 1rem 0; background: radial-gradient(
    ellipse at top,
    rgba(150, 150, 150, 0.1) 0%,
    rgba(0, 0, 0, 0) 70%
  );",
                  ],
                },
                "displayName": "SubMenu__SubMenuContainer",
                "foldedComponentIds": Array [],
                "render": [Function],
                "styledComponentId": "SubMenu__SubMenuContainer-sc-1p1ex8g-0",
                "target": "ul",
                "toString": [Function],
                "warnTooManyClasses": [Function],
                "withComponent": [Function],
              }
            }
            forwardedRef={[Function]}
          >
            <ul
              className="c2"
            >
              <li
                key=".0"
              >
                <Link
                  active={false}
                  href="#"
                  reactRouterLinkComponent={null}
                  subMenuLink={true}
                  to={null}
                >
                  <Link__StyledAnchor
                    href="#"
                    to={null}
                  >
                    <StyledComponent
                      forwardedComponent={
                        Object {
                          "$$typeof": Symbol(react.forward_ref),
                          "attrs": Array [],
                          "componentStyle": ComponentStyle {
                            "componentId": "Link__StyledAnchor-gur8v7-2",
                            "isStatic": true,
                            "lastClassName": "c3",
                            "rules": Array [
                              "text-decoration: none;",
                            ],
                          },
                          "displayName": "Link__StyledAnchor",
                          "foldedComponentIds": Array [],
                          "render": [Function],
                          "styledComponentId": "Link__StyledAnchor-gur8v7-2",
                          "target": "a",
                          "toString": [Function],
                          "warnTooManyClasses": [Function],
                          "withComponent": [Function],
                        }
                      }
                      forwardedRef={null}
                      href="#"
                      to={null}
                    >
                      <a
                        className="c3"
                        href="#"
                        to={null}
                      >
                        <Link__BoxContainer
                          active={0}
                          horizontal={3}
                          vertical={2}
                        >
                          <StyledComponent
                            active={0}
                            forwardedComponent={
                              Object {
                                "$$typeof": Symbol(react.forward_ref),
                                "attrs": Array [],
                                "componentStyle": ComponentStyle {
                                  "componentId": "Link__BoxContainer-gur8v7-0",
                                  "isStatic": false,
                                  "lastClassName": "c4",
                                  "rules": Array [
                                    [Function],
                                  ],
                                },
                                "displayName": "Link__BoxContainer",
                                "foldedComponentIds": Array [],
                                "render": [Function],
                                "styledComponentId": "Link__BoxContainer-gur8v7-0",
                                "target": [Function],
                                "toString": [Function],
                                "warnTooManyClasses": [Function],
                                "withComponent": [Function],
                              }
                            }
                            forwardedRef={null}
                            horizontal={3}
                            vertical={2}
                          >
                            <Box
                              active={0}
                              className="c4"
                              horizontal={3}
                              inline={false}
                              tag="div"
                              vertical={2}
                            >
                              <div
                                active={0}
                                className="TDS_Box-modules__horizontalPadding-3___2uoUp TDS_Box-modules__verticalPadding-2___1Uh2T c4"
                              >
                                <Link__StyledTextProvider
                                  active={false}
                                >
                                  <StyledComponent
                                    active={false}
                                    forwardedComponent={
                                      Object {
                                        "$$typeof": Symbol(react.forward_ref),
                                        "attrs": Array [],
                                        "componentStyle": ComponentStyle {
                                          "componentId": "Link__StyledTextProvider-gur8v7-1",
                                          "isStatic": false,
                                          "lastClassName": "c5",
                                          "rules": Array [
                                            [Function],
                                          ],
                                        },
                                        "displayName": "Link__StyledTextProvider",
                                        "foldedComponentIds": Array [],
                                        "render": [Function],
                                        "styledComponentId": "Link__StyledTextProvider-gur8v7-1",
                                        "target": [Function],
                                        "toString": [Function],
                                        "warnTooManyClasses": [Function],
                                        "withComponent": [Function],
                                      }
                                    }
                                    forwardedRef={null}
                                  >
                                    <ColoredTextProvider
                                      active={false}
                                      className="c5"
                                    >
                                      <div
                                        className="c5"
                                      >
                                        <Text
                                          block={false}
                                          bold={false}
                                          invert={false}
                                          size="small"
                                        >
                                          <span
                                            className="TDS_Typography-modules__default___KlcpP TDS_Typography-modules__small___mt5lS TDS_Typography-modules__wordBreak___3OZx_ TDS_Typography-modules__smallFont___3S6nz TDS_Typography-modules__inheritColor___SREX0"
                                          >
                                            Option 1
                                          </span>
                                        </Text>
                                      </div>
                                    </ColoredTextProvider>
                                  </StyledComponent>
                                </Link__StyledTextProvider>
                              </div>
                            </Box>
                          </StyledComponent>
                        </Link__BoxContainer>
                      </a>
                    </StyledComponent>
                  </Link__StyledAnchor>
                </Link>
              </li>
              <li
                key=".1"
              >
                <Link
                  active={false}
                  href="#"
                  reactRouterLinkComponent={null}
                  subMenuLink={true}
                  to={null}
                >
                  <Link__StyledAnchor
                    href="#"
                    to={null}
                  >
                    <StyledComponent
                      forwardedComponent={
                        Object {
                          "$$typeof": Symbol(react.forward_ref),
                          "attrs": Array [],
                          "componentStyle": ComponentStyle {
                            "componentId": "Link__StyledAnchor-gur8v7-2",
                            "isStatic": true,
                            "lastClassName": "c3",
                            "rules": Array [
                              "text-decoration: none;",
                            ],
                          },
                          "displayName": "Link__StyledAnchor",
                          "foldedComponentIds": Array [],
                          "render": [Function],
                          "styledComponentId": "Link__StyledAnchor-gur8v7-2",
                          "target": "a",
                          "toString": [Function],
                          "warnTooManyClasses": [Function],
                          "withComponent": [Function],
                        }
                      }
                      forwardedRef={null}
                      href="#"
                      to={null}
                    >
                      <a
                        className="c3"
                        href="#"
                        to={null}
                      >
                        <Link__BoxContainer
                          active={0}
                          horizontal={3}
                          vertical={2}
                        >
                          <StyledComponent
                            active={0}
                            forwardedComponent={
                              Object {
                                "$$typeof": Symbol(react.forward_ref),
                                "attrs": Array [],
                                "componentStyle": ComponentStyle {
                                  "componentId": "Link__BoxContainer-gur8v7-0",
                                  "isStatic": false,
                                  "lastClassName": "c4",
                                  "rules": Array [
                                    [Function],
                                  ],
                                },
                                "displayName": "Link__BoxContainer",
                                "foldedComponentIds": Array [],
                                "render": [Function],
                                "styledComponentId": "Link__BoxContainer-gur8v7-0",
                                "target": [Function],
                                "toString": [Function],
                                "warnTooManyClasses": [Function],
                                "withComponent": [Function],
                              }
                            }
                            forwardedRef={null}
                            horizontal={3}
                            vertical={2}
                          >
                            <Box
                              active={0}
                              className="c4"
                              horizontal={3}
                              inline={false}
                              tag="div"
                              vertical={2}
                            >
                              <div
                                active={0}
                                className="TDS_Box-modules__horizontalPadding-3___2uoUp TDS_Box-modules__verticalPadding-2___1Uh2T c4"
                              >
                                <Link__StyledTextProvider
                                  active={false}
                                >
                                  <StyledComponent
                                    active={false}
                                    forwardedComponent={
                                      Object {
                                        "$$typeof": Symbol(react.forward_ref),
                                        "attrs": Array [],
                                        "componentStyle": ComponentStyle {
                                          "componentId": "Link__StyledTextProvider-gur8v7-1",
                                          "isStatic": false,
                                          "lastClassName": "c5",
                                          "rules": Array [
                                            [Function],
                                          ],
                                        },
                                        "displayName": "Link__StyledTextProvider",
                                        "foldedComponentIds": Array [],
                                        "render": [Function],
                                        "styledComponentId": "Link__StyledTextProvider-gur8v7-1",
                                        "target": [Function],
                                        "toString": [Function],
                                        "warnTooManyClasses": [Function],
                                        "withComponent": [Function],
                                      }
                                    }
                                    forwardedRef={null}
                                  >
                                    <ColoredTextProvider
                                      active={false}
                                      className="c5"
                                    >
                                      <div
                                        className="c5"
                                      >
                                        <Text
                                          block={false}
                                          bold={false}
                                          invert={false}
                                          size="small"
                                        >
                                          <span
                                            className="TDS_Typography-modules__default___KlcpP TDS_Typography-modules__small___mt5lS TDS_Typography-modules__wordBreak___3OZx_ TDS_Typography-modules__smallFont___3S6nz TDS_Typography-modules__inheritColor___SREX0"
                                          >
                                            Option 2
                                          </span>
                                        </Text>
                                      </div>
                                    </ColoredTextProvider>
                                  </StyledComponent>
                                </Link__StyledTextProvider>
                              </div>
                            </Box>
                          </StyledComponent>
                        </Link__BoxContainer>
                      </a>
                    </StyledComponent>
                  </Link__StyledAnchor>
                </Link>
              </li>
              <li
                key=".2"
              >
                <Link
                  active={false}
                  href="#"
                  reactRouterLinkComponent={null}
                  subMenuLink={true}
                  to={null}
                >
                  <Link__StyledAnchor
                    href="#"
                    to={null}
                  >
                    <StyledComponent
                      forwardedComponent={
                        Object {
                          "$$typeof": Symbol(react.forward_ref),
                          "attrs": Array [],
                          "componentStyle": ComponentStyle {
                            "componentId": "Link__StyledAnchor-gur8v7-2",
                            "isStatic": true,
                            "lastClassName": "c3",
                            "rules": Array [
                              "text-decoration: none;",
                            ],
                          },
                          "displayName": "Link__StyledAnchor",
                          "foldedComponentIds": Array [],
                          "render": [Function],
                          "styledComponentId": "Link__StyledAnchor-gur8v7-2",
                          "target": "a",
                          "toString": [Function],
                          "warnTooManyClasses": [Function],
                          "withComponent": [Function],
                        }
                      }
                      forwardedRef={null}
                      href="#"
                      to={null}
                    >
                      <a
                        className="c3"
                        href="#"
                        to={null}
                      >
                        <Link__BoxContainer
                          active={0}
                          horizontal={3}
                          vertical={2}
                        >
                          <StyledComponent
                            active={0}
                            forwardedComponent={
                              Object {
                                "$$typeof": Symbol(react.forward_ref),
                                "attrs": Array [],
                                "componentStyle": ComponentStyle {
                                  "componentId": "Link__BoxContainer-gur8v7-0",
                                  "isStatic": false,
                                  "lastClassName": "c4",
                                  "rules": Array [
                                    [Function],
                                  ],
                                },
                                "displayName": "Link__BoxContainer",
                                "foldedComponentIds": Array [],
                                "render": [Function],
                                "styledComponentId": "Link__BoxContainer-gur8v7-0",
                                "target": [Function],
                                "toString": [Function],
                                "warnTooManyClasses": [Function],
                                "withComponent": [Function],
                              }
                            }
                            forwardedRef={null}
                            horizontal={3}
                            vertical={2}
                          >
                            <Box
                              active={0}
                              className="c4"
                              horizontal={3}
                              inline={false}
                              tag="div"
                              vertical={2}
                            >
                              <div
                                active={0}
                                className="TDS_Box-modules__horizontalPadding-3___2uoUp TDS_Box-modules__verticalPadding-2___1Uh2T c4"
                              >
                                <Link__StyledTextProvider
                                  active={false}
                                >
                                  <StyledComponent
                                    active={false}
                                    forwardedComponent={
                                      Object {
                                        "$$typeof": Symbol(react.forward_ref),
                                        "attrs": Array [],
                                        "componentStyle": ComponentStyle {
                                          "componentId": "Link__StyledTextProvider-gur8v7-1",
                                          "isStatic": false,
                                          "lastClassName": "c5",
                                          "rules": Array [
                                            [Function],
                                          ],
                                        },
                                        "displayName": "Link__StyledTextProvider",
                                        "foldedComponentIds": Array [],
                                        "render": [Function],
                                        "styledComponentId": "Link__StyledTextProvider-gur8v7-1",
                                        "target": [Function],
                                        "toString": [Function],
                                        "warnTooManyClasses": [Function],
                                        "withComponent": [Function],
                                      }
                                    }
                                    forwardedRef={null}
                                  >
                                    <ColoredTextProvider
                                      active={false}
                                      className="c5"
                                    >
                                      <div
                                        className="c5"
                                      >
                                        <Text
                                          block={false}
                                          bold={false}
                                          invert={false}
                                          size="small"
                                        >
                                          <span
                                            className="TDS_Typography-modules__default___KlcpP TDS_Typography-modules__small___mt5lS TDS_Typography-modules__wordBreak___3OZx_ TDS_Typography-modules__smallFont___3S6nz TDS_Typography-modules__inheritColor___SREX0"
                                          >
                                            Option 3
                                          </span>
                                        </Text>
                                      </div>
                                    </ColoredTextProvider>
                                  </StyledComponent>
                                </Link__StyledTextProvider>
                              </div>
                            </Box>
                          </StyledComponent>
                        </Link__BoxContainer>
                      </a>
                    </StyledComponent>
                  </Link__StyledAnchor>
                </Link>
              </li>
            </ul>
          </StyledComponent>
        </SubMenu__SubMenuContainer>
      </div>
    </Transition>
  </Reveal>
</SubMenu>
`;
