// Jest Snapshot v1, https://goo.gl/fbAQLP

exports[`Ribbon renders 1`] = `
.c0 {
  background-color: #4b286d;
  padding: 0px 1.5rem 0px 1rem;
  position: relative;
  display: inline-block;
  max-width: 100%;
  min-width: 7.875rem;
  height: 1.5rem;
  font-weight: 500;
}

.c0:after {
  content: "";
  position: absolute;
  right: -0.3125rem;
  bottom: -0.5rem;
  width: 0;
  height: 0;
  border-right: 0.8125rem solid white;
  border-top: 1.25rem solid transparent;
  border-bottom: 1.25rem solid transparent;
}

.c0 > span {
  line-height: 1 !important;
}

<Ribbon>
  <Ribbon__StyledRibbon>
    <StyledComponent
      forwardedComponent={
        Object {
          "$$typeof": Symbol(react.forward_ref),
          "attrs": Array [],
          "componentStyle": ComponentStyle {
            "componentId": "Ribbon__StyledRibbon-sc-1qcqwhs-0",
            "isStatic": true,
            "lastClassName": "c0",
            "rules": Array [
              "background-color: #4b286d; padding: 0px 1.5rem 0px 1rem; position: relative; display: inline-block; max-width: 100%; min-width: 7.875rem; height: 1.5rem; font-weight: 500; &:after {
  content: \\"\\"; position: absolute; right: -0.3125rem; bottom: -0.5rem; width: 0; height: 0; border-right: 0.8125rem solid white; border-top: 1.25rem solid transparent; border-bottom: 1.25rem solid transparent;
} > span {
  line-height: 1 !important;
}",
            ],
          },
          "displayName": "Ribbon__StyledRibbon",
          "foldedComponentIds": Array [],
          "render": [Function],
          "styledComponentId": "Ribbon__StyledRibbon-sc-1qcqwhs-0",
          "target": "div",
          "toString": [Function],
          "warnTooManyClasses": [Function],
          "withComponent": [Function],
        }
      }
      forwardedRef={null}
    >
      <div
        className="c0"
      >
        <Text
          block={false}
          bold={true}
          invert={true}
          size="small"
        >
          <span
            className="TDS_Typography-modules__default___KlcpP TDS_Typography-modules__small___mt5lS TDS_Typography-modules__wordBreak___3OZx_ TDS_Typography-modules__boldFont___2YS3O TDS_Typography-modules__wordBreak___3OZx_ TDS_Typography-modules__invertedColor___2tTa_"
          >
            2 year plan
          </span>
        </Text>
      </div>
    </StyledComponent>
  </Ribbon__StyledRibbon>
</Ribbon>
`;
