// Jest Snapshot v1, https://goo.gl/fbAQLP

exports[`QuietButton renders 1`] = `
.c2 {
  display: block;
  -webkit-flex-direction: column;
  -ms-flex-direction: column;
  flex-direction: column;
  padding-left: 0.5rem;
  padding-right: 0.5rem;
}

.c1 {
  padding-top: 0.125rem;
  padding-bottom: 0.3125rem;
}

.c0 {
  box-sizing: border-box;
  margin: 0.125rem;
  cursor: pointer;
  background: #fff;
  -webkit-transition: all 0.2s ease-in-out;
  transition: all 0.2s ease-in-out;
  min-width: 2.75rem;
  height: 1.75rem;
  border: 0.0625rem solid #71757b;
  position: relative;
  border-radius: 0.1875rem;
  color: #2a2c2e;
  word-wrap: break-word;
  font-size: 0.875rem;
  -webkit-letter-spacing: -0.6px;
  -moz-letter-spacing: -0.6px;
  -ms-letter-spacing: -0.6px;
  letter-spacing: -0.6px;
  line-height: 1.42857;
  border-radius: 4px;
}

.c0:hover {
  box-shadow: 0 0 0 0.125rem #71757b;
  mid-width: 4.5rem;
}

.c0:active {
  border: 0.0625rem solid #54595f;
  box-shadow: 0 0 0 0.125rem #54595f;
  background: #d8d8d8;
}

.c0:focus {
  background: #fff;
  box-shadow: 0 0 0 0.125rem #71757b,0 0 0 0.125rem #fff inset,0 0 0 0.1875rem #54595f inset;
  outline: none !important;
}

.c3 {
  display: -webkit-box;
  display: -webkit-flex;
  display: -ms-flexbox;
  display: flex;
  -webkit-flex-direction: row;
  -ms-flex-direction: row;
  flex-direction: row;
  -webkit-align-items: center;
  -webkit-box-align: center;
  -ms-flex-align: center;
  align-items: center;
}

.c3 svg {
  margin: -0.125rem 0rem -0.3125rem 0rem;
}

.c4 {
  padding-right: 0.25rem;
}

@media (prefers-reduced-motion:reduce) {
  .c0 {
    -webkit-transition: none !important;
    transition: none !important;
  }
}

<QuietButton>
  <QuietButton__StyledQuietButton
    type="button"
  >
    <StyledComponent
      forwardedComponent={
        Object {
          "$$typeof": Symbol(react.forward_ref),
          "attrs": Array [],
          "componentStyle": ComponentStyle {
            "componentId": "QuietButton__StyledQuietButton-sc-1anctzy-1",
            "isStatic": false,
            "lastClassName": "c0",
            "rules": Array [
              "box-sizing: border-box;",
              "margin: 0.125rem;",
              "cursor: pointer;",
              "background: #fff;",
              "transition: all 0.2s ease-in-out;",
              "min-width: 2.75rem;",
              "height: 1.75rem;",
              "border: 0.0625rem solid #71757b;",
              "position: relative;",
              "border-radius: 0.1875rem;",
              "color: #2a2c2e;",
              "&:hover {",
              "box-shadow: 0 0 0 0.125rem #71757b;",
              "mid-width: 4.5rem;",
              "}",
              "&:active {",
              "border: 0.0625rem solid #54595f;",
              "box-shadow: 0 0 0 0.125rem #54595f;",
              "background: #d8d8d8;",
              "}",
              "&:focus {",
              "background: #fff;",
              "box-shadow: 0 0 0 0.125rem #71757b, 0 0 0 0.125rem #fff inset, 0 0 0 0.1875rem #54595f inset;",
              "outline: none !important;",
              "}",
              "@media (prefers-reduced-motion: reduce) {",
              "transition: none !important;",
              "}",
              "word-wrap: break-word;",
              "font-size: 0.875rem;",
              "letter-spacing: -0.6px;",
              "line-height: 1.42857;",
              "border-radius: 4px;",
            ],
          },
          "displayName": "QuietButton__StyledQuietButton",
          "foldedComponentIds": Array [],
          "render": [Function],
          "styledComponentId": "QuietButton__StyledQuietButton-sc-1anctzy-1",
          "target": "button",
          "toString": [Function],
          "warnTooManyClasses": [Function],
          "withComponent": [Function],
        }
      }
      forwardedRef={null}
      type="button"
    >
      <button
        className="c0"
        type="button"
      >
        <QuietButton__StyledBox
          horizontal={2}
        >
          <StyledComponent
            forwardedComponent={
              Object {
                "$$typeof": Symbol(react.forward_ref),
                "attrs": Array [],
                "componentStyle": ComponentStyle {
                  "componentId": "QuietButton__StyledBox-sc-1anctzy-0",
                  "isStatic": false,
                  "lastClassName": "c1",
                  "rules": Array [
                    "padding-top:0.125rem;padding-bottom:0.3125rem;",
                  ],
                },
                "displayName": "QuietButton__StyledBox",
                "foldedComponentIds": Array [],
                "render": [Function],
                "styledComponentId": "QuietButton__StyledBox-sc-1anctzy-0",
                "target": [Function],
                "toString": [Function],
                "warnTooManyClasses": [Function],
                "withComponent": [Function],
              }
            }
            forwardedRef={null}
            horizontal={2}
          >
            <Box
              className="c1"
              horizontal={2}
              inline={false}
              tag="div"
            >
              <styled.div
                className="c1"
                horizontal={2}
                inline={false}
                tag="div"
              >
                <StyledComponent
                  className="c1"
                  forwardedComponent={
                    Object {
                      "$$typeof": Symbol(react.forward_ref),
                      "attrs": Array [
                        [Function],
                      ],
                      "componentStyle": ComponentStyle {
                        "componentId": "sc-EHOje",
                        "isStatic": false,
                        "lastClassName": "c2",
                        "rules": Array [
                          [Function],
                          [Function],
                          [Function],
                          [Function],
                          [Function],
                        ],
                      },
                      "displayName": "styled.div",
                      "foldedComponentIds": Array [],
                      "render": [Function],
                      "styledComponentId": "sc-EHOje",
                      "target": "div",
                      "toString": [Function],
                      "warnTooManyClasses": [Function],
                      "withComponent": [Function],
                    }
                  }
                  forwardedRef={null}
                  horizontal={2}
                  inline={false}
                  tag="div"
                >
                  <div
                    className="c2 c1 QuietButton__StyledBox-sc-1anctzy-0 c1"
                  >
                    <QuietButton__ButtonWrapper>
                      <StyledComponent
                        forwardedComponent={
                          Object {
                            "$$typeof": Symbol(react.forward_ref),
                            "attrs": Array [],
                            "componentStyle": ComponentStyle {
                              "componentId": "QuietButton__ButtonWrapper-sc-1anctzy-2",
                              "isStatic": false,
                              "lastClassName": "c3",
                              "rules": Array [
                                "display: flex;",
                                "flex-direction: row;",
                                "align-items: center;",
                                "& svg {",
                                "margin: -0.125rem 0rem -0.3125rem 0rem;",
                                "}",
                              ],
                            },
                            "displayName": "QuietButton__ButtonWrapper",
                            "foldedComponentIds": Array [],
                            "render": [Function],
                            "styledComponentId": "QuietButton__ButtonWrapper-sc-1anctzy-2",
                            "target": "div",
                            "toString": [Function],
                            "warnTooManyClasses": [Function],
                            "withComponent": [Function],
                          }
                        }
                        forwardedRef={null}
                      >
                        <div
                          className="c3"
                        >
                          <QuietButton__SpaceWrapper
                            key="Words"
                          >
                            <StyledComponent
                              forwardedComponent={
                                Object {
                                  "$$typeof": Symbol(react.forward_ref),
                                  "attrs": Array [],
                                  "componentStyle": ComponentStyle {
                                    "componentId": "QuietButton__SpaceWrapper-sc-1anctzy-3",
                                    "isStatic": false,
                                    "lastClassName": "c4",
                                    "rules": Array [
                                      "padding-right: 0.25rem;",
                                    ],
                                  },
                                  "displayName": "QuietButton__SpaceWrapper",
                                  "foldedComponentIds": Array [],
                                  "render": [Function],
                                  "styledComponentId": "QuietButton__SpaceWrapper-sc-1anctzy-3",
                                  "target": "div",
                                  "toString": [Function],
                                  "warnTooManyClasses": [Function],
                                  "withComponent": [Function],
                                }
                              }
                              forwardedRef={null}
                            >
                              <div
                                className="c4"
                              >
                                Words
                              </div>
                            </StyledComponent>
                          </QuietButton__SpaceWrapper>
                        </div>
                      </StyledComponent>
                    </QuietButton__ButtonWrapper>
                  </div>
                </StyledComponent>
              </styled.div>
            </Box>
          </StyledComponent>
        </QuietButton__StyledBox>
      </button>
    </StyledComponent>
  </QuietButton__StyledQuietButton>
</QuietButton>
`;
